// Jest Snapshot v1, https://goo.gl/fbAQLP

exports[`Button should render button correctly 1`] = `
<View
  accessible={true}
  collapsable={false}
  focusable={true}
  nativeID="animatedComponent"
  onClick={[Function]}
  onResponderGrant={[Function]}
  onResponderMove={[Function]}
  onResponderRelease={[Function]}
  onResponderTerminate={[Function]}
  onResponderTerminationRequest={[Function]}
  onStartShouldSetResponder={[Function]}
  style={
    Object {
      "alignItems": "center",
      "flex": 1,
      "height": 30,
      "justifyContent": "center",
      "opacity": 1,
    }
  }
>
  <Text
    style={
      Object {
        "color": "#000000",
        "flex": 1,
        "fontSize": 16,
        "fontWeight": "500",
      }
    }
  >
    example
  </Text>
</View>
`;
