// Jest Snapshot v1, https://goo.gl/fbAQLP

exports[`ContactItem should render contact item correctly 1`] = `
<View
  accessible={true}
  collapsable={false}
  focusable={true}
  nativeID="animatedComponent"
  onClick={[Function]}
  onResponderGrant={[Function]}
  onResponderMove={[Function]}
  onResponderRelease={[Function]}
  onResponderTerminate={[Function]}
  onResponderTerminationRequest={[Function]}
  onStartShouldSetResponder={[Function]}
  style={
    Object {
      "alignItems": "center",
      "flexDirection": "row",
      "height": 75,
      "justifyContent": "center",
      "opacity": 1,
    }
  }
>
  <Avatar
    size={60}
    uri="https://static.wikia.nocookie.net/naruto/images/d/dd/Naruto_Uzumaki%21%21.png/revision/latest?cb=20161013233552"
  />
  <View
    style={
      Object {
        "marginHorizontal": 6,
      }
    }
  />
  <View
    style={
      Object {
        "flex": 1,
      }
    }
  >
    <Text
      style={
        Object {
          "color": "#000000",
          "fontSize": 20,
          "fontWeight": "400",
        }
      }
    >
      firstName
       
      lastName
    </Text>
  </View>
</View>
`;
